Models: ['yingxian', 'gojunoto']
Title: 应县木塔 vs 法隆寺五重塔 古代木塔结构对比分析报告
Freq A: [3.9709122800815146, 24.8870786182389, 69.69155068191759, 136.57059815646224, 225.73674850274259]
Freq B: [5.903110784868159, 36.996833934637316, 103.60262716157723, 203.02422063495152, 335.57755514061785]
Wind A disp: 0.0001385486550308552
Wind B disp: 0.00014129267021261428
ED A: 7.0
ED B: 3.5264663448898337
python : Traceback (most recent call last):
所在位置 行:1 字符: 1
+ python d:\SOLO-2\AI_solo_coder_task_B_125\backend\test_dynasty.py > d ...
+ ~~~~~~~~~~~~~~~~~~~~~~~~~~~~~~~~~~~~~~~~~~~~~~~~~~~~~~~~~~~~~~~~~~~~~
    + CategoryInfo          : NotSpecified: (Traceback (most recent call last) 
   ::String) [], RemoteException
    + FullyQualifiedErrorId : NativeCommandError
 
  File "d:\SOLO-2\AI_solo_coder_task_B_125\backend\test_dynasty.py", line 16, i
n <module>
    print("Philosophy:", r["seismic_philosophy_comparison"]["analysis"])
                         ~~~~~~~~~~~~~~~~~~~~~~~~~~~~~~~~~~^^^^^^^^^^^^
KeyError: 'analysis'
