== 测试1: 朝代对比 ==
报告生成: ['title', 'pagoda_a_summary', 'pagoda_b_summary', 'seismic_philosophy_comparison', 'natural_frequency_comparison', 'wind_displacement_comparison', 'energy_dissipation_comparison']
应县前3阶: [3.971, 24.887, 69.692]
五重塔前3阶: [5.903, 36.997, 103.603]
理念差异条目: 4

== 测试2: 榫卯循环加载 ==
榫卯类型数: 6
 - 直榫 延性μ= 6.0
 - 燕尾榫 延性μ= 6.2
循环步数: 540 总耗能: 39120.0 J
等效阻尼比: 50.0 %
刚度退化末/初: 47.0 %
骨架曲线点: 100

== 测试3: 倒塌模拟(0.5g,12s) ==
倒塌模式: lower_floor_collapse
倒塌时间: 2.75
倒塌起始楼层: 1
最大层间位移角: 1/24
最大基底剪力(kN): 1215.5
延性μ: 75.7 超强系数Ω: 4.78
失效序列事件数: 591
  + t=0.25s 1层 severe_damage (Δ=1/1206)
  + t=0.30s 1层 severe_damage (Δ=1/565)
  + t=0.30s 2层 severe_damage (Δ=1/1456)

== 测试4: Pushover能力评估 ==
实测PGA数据点: 2
首次屈服PGA: 0.2
极限倒塌PGA: 0.4
设计安全储备(VS 8度0.16g): 2.5 倍
4级性能水准: 正常使用≤0.048g 立即可用≤0.096g 生命安全≤0.16g 防倒塌≤0.24g

== 测试5: 虚拟登塔体验 ==
会话: c1b52102-ca1...
 + t=0s @塔基入口 (Y=0.0m) 风5m/s 震0.00g 舒适:无感 顶层位移:0.0mm 加速度:0.000m/s2
 + t=120s @塔顶观景台 (Y=30.7m) 风15m/s 震0.00g 舒适:无感 顶层位移:2.1mm 加速度:0.015m/s2
 + t=360s @塔顶观景台 (Y=30.7m) 风25m/s 震0.00g 舒适:无感 顶层位移:5.8mm 加速度:0.040m/s2
 + t=480s @塔顶观景台 (Y=30.7m) 风35m/s 震0.10g 舒适:有感 顶层位移:11.4mm 加速度:0.079m/s2
三层描述: 结构加固层，斜撑密布，增强整体刚度 ...

python : Traceback (most recent call last):
所在位置 行:1 字符: 53
+ ... 5\backend ; python test_new_features.py > test_output.log 2>&1 ; cat  ...
+                 ~~~~~~~~~~~~~~~~~~~~~~~~~~~~~~~~~~~~~~~~~~~~~~~~~~
    + CategoryInfo          : NotSpecified: (Traceback (most recent call last) 
   ::String) [], RemoteException
    + FullyQualifiedErrorId : NativeCommandError
 
  File "D:\SOLO-2\AI_solo_coder_task_B_125\backend\test_new_features.py", line 
77, in <module>
    print('========== \u2705 全部新功能模块测试通过 ==========')
    ~~~~~^^^^^^^^^^^^^^^^^^^^^^^^^^^^^^^^^^^^^^^^^^^^^^^^^^^
UnicodeEncodeError: 'gbk' codec can't encode character '\u2705' in position 11:
 illegal multibyte sequence
